[    0.000000] Linux version 4.15.0-212-generic (buildd@lcy02-amd64-083) (gcc version 7.5.0 (Ubuntu 7.5.0-3ubuntu1~18.04)) #223-Ubuntu SMP Tue May 23 13:09:22 UTC 2023 (Ubuntu 4.15.0-212.223-generic 4.15.18)
[    0.000000] Command line: BOOT_IMAGE=/boot/vmlinuz-4.15.0-212-generic root=LABEL=cloudimg-rootfs ro console=tty1 console=ttyS0
[    0.000000] KERNEL supported cpus:
[    0.000000]   Intel GenuineIntel
[    0.000000]   AMD AuthenticAMD
[    0.000000]   Centaur CentaurHauls
[    0.000000] x86/fpu: Supporting XSAVE feature 0x001: 'x87 floating point registers'
[    0.000000] x86/fpu: Supporting XSAVE feature 0x002: 'SSE registers'
[    0.000000] x86/fpu: Supporting XSAVE feature 0x004: 'AVX registers'
[    0.000000] x86/fpu: xstate_offset[2]:  576, xstate_sizes[2]:  256
[    0.000000] x86/fpu: Enabled xstate features 0x7, context size is 832 bytes, using 'standard' format.
[    0.000000] e820: BIOS-provided physical RAM map:
[    0.000000] BIOS-e820: [mem 0x0000000000000000-0x000000000009fbff] usable
[    0.000000] BIOS-e820: [mem 0x000000000009fc00-0x000000000009ffff] reserved
[    0.000000] BIOS-e820: [mem 0x00000000000f0000-0x00000000000fffff] reserved
[    0.000000] BIOS-e820: [mem 0x0000000000100000-0x000000007ffeffff] usable
[    0.000000] BIOS-e820: [mem 0x000000007fff0000-0x000000007fffffff] ACPI data
[    0.000000] BIOS-e820: [mem 0x00000000fec00000-0x00000000fec00fff] reserved
[    0.000000] BIOS-e820: [mem 0x00000000fee00000-0x00000000fee00fff] reserved
[    0.000000] BIOS-e820: [mem 0x00000000fffc0000-0x00000000ffffffff] reserved
[    0.000000] NX (Execute Disable) protection: active
[    0.000000] SMBIOS 2.5 present.
[    0.000000] DMI: innotek GmbH VirtualBox/VirtualBox, BIOS VirtualBox 12/01/2006
[    0.000000] Hypervisor detected: KVM
[    0.000000] e820: last_pfn = 0x7fff0 max_arch_pfn = 0x400000000
[    0.000000] x86/PAT: Configuration [0-7]: WB  WC  UC- UC  WB  WP  UC- WT  
[    0.000000] CPU MTRRs all blank - virtualized system.
[    0.000000] found SMP MP-table at [mem 0x0009fbf0-0x0009fbff]
[    0.000000] Scanning 1 areas for low memory corruption
[    0.000000] RAMDISK: [mem 0x359cb000-0x36cdcfff]
[    0.000000] ACPI: Early table checksum verification disabled
[    0.000000] ACPI: RSDP 0x00000000000E0000 000024 (v02 VBOX  )
[    0.000000] ACPI: XSDT 0x000000007FFF0030 00003C (v01 VBOX   VBOXXSDT 00000001 ASL  00000061)
[    0.000000] ACPI: FACP 0x000000007FFF00F0 0000F4 (v04 VBOX   VBOXFACP 00000001 ASL  00000061)
[    0.000000] ACPI: DSDT 0x000000007FFF02F0 002353 (v02 VBOX   VBOXBIOS 00000002 VBOX 0002A9E5)
[    0.000000] ACPI: FACS 0x000000007FFF0200 000040
[    0.000000] ACPI: FACS 0x000000007FFF0200 000040
[    0.000000] ACPI: APIC 0x000000007FFF0240 00005C (v02 VBOX   VBOXAPIC 00000001 ASL  00000061)
[    0.000000] ACPI: SSDT 0x000000007FFF02A0 000045 (v01 VBOX   VBOXCPUT 00000002 VBOX 0002A9E5)
[    0.000000] ACPI: Reserving FACP table memory at [mem 0x7fff00f0-0x7fff01e3]
[    0.000000] ACPI: Reserving DSDT table memory at [mem 0x7fff02f0-0x7fff2642]
[    0.000000] ACPI: Reserving FACS table memory at [mem 0x7fff0200-0x7fff023f]
[    0.000000] ACPI: Reserving FACS table memory at [mem 0x7fff0200-0x7fff023f]
[    0.000000] ACPI: Reserving APIC table memory at [mem 0x7fff0240-0x7fff029b]
[    0.000000] ACPI: Reserving SSDT table memory at [mem 0x7fff02a0-0x7fff02e4]
[    0.000000] No NUMA configuration found
[    0.000000] Faking a node at [mem 0x0000000000000000-0x000000007ffeffff]
[    0.000000] NODE_DATA(0) allocated [mem 0x7ffc5000-0x7ffeffff]
[    0.000000] kvm-clock: cpu 0, msr 0:7ff44001, primary cpu clock
[    0.000000] kvm-clock: Using msrs 4b564d01 and 4b564d00
[    0.000000] kvm-clock: using sched offset of 5889052340 cycles
[    0.000000] clocksource: kvm-clock: mask: 0xffffffffffffffff max_cycles: 0x1cd42e4dffb, max_idle_ns: 881590591483 ns
[    0.000000] Zone ranges:
[    0.000000]   DMA      [mem 0x0000000000001000-0x0000000000ffffff]
[    0.000000]   DMA32    [mem 0x0000000001000000-0x000000007ffeffff]
[    0.000000]   Normal   empty
[    0.000000]   Device   empty
[    0.000000] Movable zone start for each node
[    0.000000] Early memory node ranges
[    0.000000]   node   0: [mem 0x0000000000001000-0x000000000009efff]
[    0.000000]   node   0: [mem 0x0000000000100000-0x000000007ffeffff]
[    0.000000] Reserved but unavailable: 104 pages
[    0.000000] Initmem setup node 0 [mem 0x0000000000001000-0x000000007ffeffff]
[    0.000000] ACPI: PM-Timer IO Port: 0x4008
[    0.000000] IOAPIC[0]: apic_id 2, version 32, address 0xfec00000, GSI 0-23
[    0.000000] ACPI: INT_SRC_OVR (bus 0 bus_irq 0 global_irq 2 dfl dfl)
[    0.000000] ACPI: INT_SRC_OVR (bus 0 bus_irq 9 global_irq 9 low level)
[    0.000000] Using ACPI (MADT) for SMP configuration information
[    0.000000] smpboot: Allowing 2 CPUs, 0 hotplug CPUs
[    0.000000] PM: Registered nosave memory: [mem 0x00000000-0x00000fff]
[    0.000000] PM: Registered nosave memory: [mem 0x0009f000-0x0009ffff]
[    0.000000] PM: Registered nosave memory: [mem 0x000a0000-0x000effff]
[    0.000000] PM: Registered nosave memory: [mem 0x000f0000-0x000fffff]
[    0.000000] e820: [mem 0x80000000-0xfebfffff] available for PCI devices
[    0.000000] Booting paravirtualized kernel on KVM
[    0.000000] clocksource: refined-jiffies: mask: 0xffffffff max_cycles: 0xffffffff, max_idle_ns: 7645519600211568 ns
[    0.000000] setup_percpu: NR_CPUS:8192 nr_cpumask_bits:2 nr_cpu_ids:2 nr_node_ids:1
[    0.000000] percpu: Embedded 50 pages/cpu s167936 r8192 d28672 u1048576
[    0.000000] PV qspinlock hash table entries: 256 (order: 0, 4096 bytes)
[    0.000000] Built 1 zonelists, mobility grouping on.  Total pages: 515961
[    0.000000] Policy zone: DMA32
[    0.000000] Kernel command line: BOOT_IMAGE=/boot/vmlinuz-4.15.0-212-generic root=LABEL=cloudimg-rootfs ro console=tty1 console=ttyS0
[    0.000000] Memory: 2014836K/2096696K available (12300K kernel code, 2477K rwdata, 4324K rodata, 2480K init, 2720K bss, 81860K reserved, 0K cma-reserved)
[    0.000000] SLUB: HWalign=64, Order=0-3, MinObjects=0, CPUs=2, Nodes=1
[    0.000000] ftrace: allocating 39508 entries in 155 pages
[    0.004000] Hierarchical RCU implementation.
[    0.004000] 	RCU restricting CPUs from NR_CPUS=8192 to nr_cpu_ids=2.
[    0.004000] 	Tasks RCU enabled.
[    0.004000] RCU: Adjusting geometry for rcu_fanout_leaf=16, nr_cpu_ids=2
[    0.004000] NR_IRQS: 524544, nr_irqs: 440, preallocated irqs: 16
[    0.004000] random: crng init done
[    0.004000] Console: colour VGA+ 80x25
[    0.004000] console [tty1] enabled
[    0.004000] console [ttyS0] enabled
[    0.004000] ACPI: Core revision 20170831
[    0.004000] ACPI: 2 ACPI AML tables successfully acquired and loaded
[    0.004000] APIC: Switch to symmetric I/O mode setup
[    0.004000] ..TIMER: vector=0x30 apic1=0 pin1=2 apic2=-1 pin2=-1
[    0.004010] tsc: Detected 2496.000 MHz processor
[    0.008017] Calibrating delay loop (skipped) preset value.. 4992.00 BogoMIPS (lpj=9984000)
[    0.012011] pid_max: default: 32768 minimum: 301
[    0.016228] Security Framework initialized
[    0.020012] Yama: becoming mindful.
[    0.024258] AppArmor: AppArmor initialized
[    0.054125] Dentry cache hash table entries: 262144 (order: 9, 2097152 bytes)
[    0.072323] Inode-cache hash table entries: 131072 (order: 8, 1048576 bytes)
[    0.076356] Mount-cache hash table entries: 4096 (order: 3, 32768 bytes)
[    0.080355] Mountpoint-cache hash table entries: 4096 (order: 3, 32768 bytes)
[    0.092923] Last level iTLB entries: 4KB 0, 2MB 0, 4MB 0
[    0.096011] Last level dTLB entries: 4KB 0, 2MB 0, 4MB 0, 1GB 0
[    0.100016] Spectre V1 : Mitigation: usercopy/swapgs barriers and __user pointer sanitization
[    0.104012] Spectre V2 : Mitigation: Enhanced IBRS
[    0.108010] Spectre V2 : Spectre v2 / SpectreRSB mitigation: Filling RSB on context switch
[    0.112008] Spectre V2 : Spectre v2 / PBRSB-eIBRS: Retire a single CALL on VMEXIT
[    0.116011] RETBleed: Mitigation: Enhanced IBRS
[    0.120009] Speculative Store Bypass: Vulnerable
[    0.124359] Freeing SMP alternatives memory: 36K
[    0.262649] APIC calibration not consistent with PM-Timer: 111ms instead of 100ms
[    0.264000] APIC delta adjusted to PM-Timer: 6440326 (7158857)
[    0.264805] smpboot: CPU0: 12th Gen Intel(R) Core(TM) i5-12450H (family: 0x6, model: 0x9a, stepping: 0x3)
[    0.273162] Performance Events: unsupported p6 CPU model 154 no PMU driver, software events only.
[    0.276350] Hierarchical SRCU implementation.
[    0.285382] NMI watchdog: Perf event create on CPU 0 failed with -2
[    0.292017] NMI watchdog: Perf NMI watchdog permanently disabled
[    0.297116] smp: Bringing up secondary CPUs ...
[    0.312046] x86: Booting SMP configuration:
[    0.316012] .... node  #0, CPUs:      #1
[    0.004000] kvm-clock: cpu 1, msr 0:7ff44041, secondary cpu clock
[    0.380586] smp: Brought up 1 node, 2 CPUs
[    0.384018] smpboot: Max logical packages: 1
[    0.388016] smpboot: Total of 2 processors activated (9984.00 BogoMIPS)
[    0.404017] devtmpfs: initialized
[    0.408274] x86/mm: Memory block size: 128MB
[    0.416948] evm: security.selinux
[    0.420009] evm: security.SMACK64
[    0.424009] evm: security.SMACK64EXEC
[    0.428010] evm: security.SMACK64TRANSMUTE
[    0.432011] evm: security.SMACK64MMAP
[    0.436010] evm: security.apparmor
[    0.444013] evm: security.ima
[    0.452009] evm: security.capability
[    0.461312] clocksource: jiffies: mask: 0xffffffff max_cycles: 0xffffffff, max_idle_ns: 7645041785100000 ns
[    0.464030] futex hash table entries: 512 (order: 3, 32768 bytes)
[    0.468461] pinctrl core: initialized pinctrl subsystem
[    0.480585] RTC time: 19:16:39, date: 09/04/26
[    0.489436] NET: Registered protocol family 16
[    0.492348] audit: initializing netlink subsys (disabled)
[    0.500479] audit: type=2000 audit(1788549405.813:1): state=initialized audit_enabled=0 res=1
[    0.528021] cpuidle: using governor ladder
[    0.532025] cpuidle: using governor menu
[    0.540106] ACPI: bus type PCI registered
[    0.544013] acpiphp: ACPI Hot Plug PCI Controller Driver version: 0.5
[    0.552251] PCI: Using configuration type 1 for base access
[    0.569058] HugeTLB registered 2.00 MiB page size, pre-allocated 0 pages
[    0.581228] ACPI: Added _OSI(Module Device)
[    0.584013] ACPI: Added _OSI(Processor Device)
[    0.592017] ACPI: Added _OSI(3.0 _SCP Extensions)
[    0.596011] ACPI: Added _OSI(Processor Aggregator Device)
[    0.600022] ACPI: Added _OSI(Linux-Dell-Video)
[    0.604013] ACPI: Added _OSI(Linux-Lenovo-NV-HDMI-Audio)
[    0.608015] ACPI: Added _OSI(Linux-HPI-Hybrid-Graphics)
[    0.616462] ACPI: Executed 1 blocks of module-level executable AML code
[    0.634479] ACPI: Interpreter enabled
[    0.636037] ACPI: (supports S0 S5)
[    0.644021] ACPI: Using IOAPIC for interrupt routing
[    0.648930] PCI: Using host bridge windows from ACPI; if necessary, use "pci=nocrs" and report a bug
[    0.652406] ACPI: Enabled 2 GPEs in block 00 to 07
[    0.688738] ACPI: PCI Root Bridge [PCI0] (domain 0000 [bus 00-ff])
[    0.692023] acpi PNP0A03:00: _OSC: OS supports [ASPM ClockPM Segments MSI]
[    0.697767] acpi PNP0A03:00: _OSC: not requesting OS control; OS requires [ExtendedConfig ASPM ClockPM MSI]
[    0.700027] acpi PNP0A03:00: fail to add MMCONFIG information, can't access extended PCI configuration space under this bridge.
[    0.705913] PCI host bridge to bus 0000:00
[    0.708016] pci_bus 0000:00: root bus resource [io  0x0000-0x0cf7 window]
[    0.712015] pci_bus 0000:00: root bus resource [io  0x0d00-0xffff window]
[    0.716016] pci_bus 0000:00: root bus resource [mem 0x000a0000-0x000bffff window]
[    0.720016] pci_bus 0000:00: root bus resource [mem 0x80000000-0xfdffffff window]
[    0.724015] pci_bus 0000:00: root bus resource [bus 00-ff]
[    0.748625] pci 0000:00:01.1: legacy IDE quirk: reg 0x10: [io  0x01f0-0x01f7]
[    0.752014] pci 0000:00:01.1: legacy IDE quirk: reg 0x14: [io  0x03f6]
[    0.756018] pci 0000:00:01.1: legacy IDE quirk: reg 0x18: [io  0x0170-0x0177]
[    0.760014] pci 0000:00:01.1: legacy IDE quirk: reg 0x1c: [io  0x0376]
[    0.815237] pci 0000:00:07.0: quirk: [io  0x4000-0x403f] claimed by PIIX4 ACPI
[    0.816116] pci 0000:00:07.0: quirk: [io  0x4100-0x410f] claimed by PIIX4 SMB
[    0.839543] ACPI: PCI Interrupt Link [LNKA] (IRQs 5 9 10 *11)
[    0.844697] ACPI: PCI Interrupt Link [LNKB] (IRQs 5 9 *10 11)
[    0.848529] ACPI: PCI Interrupt Link [LNKC] (IRQs 5 *9 10 11)
[    0.856258] ACPI: PCI Interrupt Link [LNKD] (IRQs 5 9 10 *11)
[    0.861839] SCSI subsystem initialized
[    0.864633] pci 0000:00:02.0: vgaarb: setting as boot VGA device
[    0.868000] pci 0000:00:02.0: vgaarb: VGA device added: decodes=io+mem,owns=io+mem,locks=none
[    0.868016] pci 0000:00:02.0: vgaarb: bridge control possible
[    0.872009] vgaarb: loaded
[    0.876242] ACPI: bus type USB registered
[    0.884066] usbcore: registered new interface driver usbfs
[    0.888258] usbcore: registered new interface driver hub
[    0.892119] usbcore: registered new device driver usb
[    0.900407] EDAC MC: Ver: 3.0.0
[    0.917847] PCI: Using ACPI for IRQ routing
[    0.922564] NetLabel: Initializing
[    0.924011] NetLabel:  domain hash size = 128
[    0.928008] NetLabel:  protocols = UNLABELED CIPSOv4 CALIPSO
[    0.932060] NetLabel:  unlabeled traffic allowed by default
[    0.948031] clocksource: Switched to clocksource kvm-clock
[    0.988771] VFS: Disk quotas dquot_6.6.0
[    0.988771] VFS: Dquot-cache hash table entries: 512 (order 0, 4096 bytes)
[    0.988771] AppArmor: AppArmor Filesystem Enabled
[    0.988771] pnp: PnP ACPI init
[    0.988771] pnp: PnP ACPI: found 3 devices
[    1.316532] clocksource: acpi_pm: mask: 0xffffff max_cycles: 0xffffff, max_idle_ns: 2085701024 ns
[    1.320409] NET: Registered protocol family 2
[    1.320409] IP idents hash table entries: 32768 (order: 6, 262144 bytes)
[    1.374092] TCP established hash table entries: 16384 (order: 5, 131072 bytes)
[    1.391979] TCP bind hash table entries: 16384 (order: 6, 262144 bytes)
[    1.408544] TCP: Hash tables configured (established 16384 bind 16384)
[    1.409840] UDP hash table entries: 1024 (order: 3, 32768 bytes)
[    1.409840] UDP-Lite hash table entries: 1024 (order: 3, 32768 bytes)
[    1.409840] NET: Registered protocol family 1
[    1.409840] pci 0000:00:00.0: Limiting direct PCI/PCI transfers
[    1.409840] pci 0000:00:01.0: Activating ISA DMA hang workarounds
[    1.409840] pci 0000:00:02.0: Video device with shadowed ROM at [mem 0x000c0000-0x000dffff]
[    1.409840] Unpacking initramfs...
[    2.298257] Freeing initrd memory: 19528K
[    2.298257] clocksource: tsc: mask: 0xffffffffffffffff max_cycles: 0x23fa772cf26, max_idle_ns: 440795269835 ns
[    2.298257] platform rtc_cmos: registered platform RTC device (no PNP device found)
[    2.298257] Scanning for low memory corruption every 60 seconds
[    2.703290] Initialise system trusted keyrings
[    2.714449] Key type blacklist registered
[    2.734704] workingset: timestamp_bits=36 max_order=19 bucket_order=0
[    2.755202] zbud: loaded
[    2.764980] squashfs: version 4.0 (2009/01/31) Phillip Lougher
[    2.783953] fuse init (API version 7.26)
[    2.912833] Key type asymmetric registered
[    2.923782] Asymmetric key parser 'x509' registered
[    2.938279] Block layer SCSI generic (bsg) driver version 0.4 loaded (major 246)
[    2.960544] io scheduler noop registered
[    2.972852] io scheduler deadline registered
[    2.984951] io scheduler cfq registered (default)
[    2.999677] ACPI: AC Adapter [AC] (on-line)
[    3.011889] input: Power Button as /devices/LNXSYSTM:00/LNXPWRBN:00/input/input0
[    3.029420] ACPI: Power Button [PWRF]
[    3.038197] input: Sleep Button as /devices/LNXSYSTM:00/LNXSLPBN:00/input/input1
[    3.054880] ACPI: Sleep Button [SLPF]
[    3.067159] Serial: 8250/16550 driver, 32 ports, IRQ sharing enabled
[    3.070248] ACPI: Battery Slot [BAT0] (battery present)
[    3.124481] 00:02: ttyS0 at I/O 0x3f8 (irq = 4, base_baud = 115200) is a 16550A
[    3.126400] Linux agpgart interface v0.103
[    3.165727] loop: module loaded
[    3.179921] scsi host0: ata_piix
[    3.193382] scsi host1: ata_piix
[    3.204092] ata1: PATA max UDMA/33 cmd 0x1f0 ctl 0x3f6 bmdma 0xd000 irq 14
[    3.207906] ata2: PATA max UDMA/33 cmd 0x170 ctl 0x376 bmdma 0xd008 irq 15
[    3.244218] tun: Universal TUN/TAP device driver, 1.6
[    3.258254] PPP generic driver version 2.4.2
[    3.262065] ehci_hcd: USB 2.0 'Enhanced' Host Controller (EHCI) Driver
[    3.262065] ehci-pci: EHCI PCI platform driver
[    3.262065] ehci-platform: EHCI generic platform driver
[    3.262065] ohci_hcd: USB 1.1 'Open' Host Controller (OHCI) Driver
[    3.262065] ohci-pci: OHCI PCI platform driver
[    3.262065] ohci-platform: OHCI generic platform driver
[    3.328548] uhci_hcd: USB Universal Host Controller Interface driver
[    3.332406] i8042: PNP: PS/2 Controller [PNP0303:PS2K,PNP0f03:PS2M] at 0x60,0x64 irq 1,12
[    3.376884] serio: i8042 KBD port at 0x60,0x64 irq 1
[    3.376884] serio: i8042 AUX port at 0x60,0x64 irq 12
[    3.412243] mousedev: PS/2 mouse device common for all mice
[    3.445641] rtc_cmos rtc_cmos: rtc core: registered rtc_cmos as rtc0
[    3.479378] rtc_cmos rtc_cmos: alarms up to one day, 114 bytes nvram
[    3.528564] i2c /dev entries driver
[    3.552888] device-mapper: uevent: version 1.0.3
[    3.574289] device-mapper: ioctl: 4.37.0-ioctl (2017-09-20) initialised: dm-devel@redhat.com
[    3.647296] ledtrig-cpu: registered to indicate activity on CPUs
[    3.662026] input: AT Translated Set 2 keyboard as /devices/platform/i8042/serio0/input/input2
[    3.686049] NET: Registered protocol family 10
[    3.714607] Segment Routing with IPv6
[    3.722740] NET: Registered protocol family 17
[    3.733716] Key type dns_resolver registered
[    3.744880] mce: Using 0 MCE banks
[    3.751648] RAS: Correctable Errors collector initialized.
[    3.762481] sched_clock: Marking stable (3762305356, 0)->(6610788227, -2848482871)
[    3.788957] registered taskstats version 1
[    3.799129] Loading compiled-in X.509 certificates
[    3.820697] Loaded X.509 cert 'Build time autogenerated kernel key: b5b26778eaa3ab3a4a6cee031137706e947d12ad'
[    3.845972] Loaded X.509 cert 'Canonical Ltd. Live Patch Signing: 14df34d1a87cf37625abec039ef2bf521249b969'
[    3.868151] Loaded X.509 cert 'Canonical Ltd. Kernel Module Signing: 88f752e560a1e0737e31163a466ad7b70a850c19'
[    3.889799] blacklist: Loading compiled-in revocation X.509 certificates
[    3.904365] Loaded X.509 cert 'Canonical Ltd. Secure Boot Signing: 61482aa2830d0ab2ad5af10b7250da9033ddcef0'
[    3.925403] Loaded X.509 cert 'Canonical Ltd. Secure Boot Signing (2017): 242ade75ac4a15e50d50c84b0d45ff3eae707a03'
[    3.947676] Loaded X.509 cert 'Canonical Ltd. Secure Boot Signing (ESM 2018): 365188c1d374d6b07c3c8f240f8ef722433d6a8b'
[    3.969503] Loaded X.509 cert 'Canonical Ltd. Secure Boot Signing (2019): c0746fd6c5da3ae827864651ad66ae47fe24b3e8'
[    3.991335] Loaded X.509 cert 'Canonical Ltd. Secure Boot Signing (2021 v1): a8d54bbb3825cfb94fa13c9f8a594a195c107b8d'
[    4.014754] Loaded X.509 cert 'Canonical Ltd. Secure Boot Signing (2021 v2): 4cf046892d6fd3c9a5b03f98d845f90851dc6a8c'
[    4.038294] Loaded X.509 cert 'Canonical Ltd. Secure Boot Signing (2021 v3): 100437bb6de6e469b581e61cd66bce3ef4ed53af'
[    4.061568] Loaded X.509 cert 'Canonical Ltd. Secure Boot Signing (Ubuntu Core 2019): c1d57b8f6b743f23ee41f4f7ee292f06eecadfb9'
[    4.085392] zswap: loaded using pool lzo/zbud
[    4.130006] Key type big_key registered
[    4.140623] Key type trusted registered
[    4.162981] Key type encrypted registered
[    4.173195] AppArmor: AppArmor sha1 policy hashing enabled
[    4.185401] ima: No TPM chip found, activating TPM-bypass! (rc=-19)
[    4.199681] ima: Allocated hash algorithm: sha1
[    4.211685] evm: HMAC attrs: 0x1
[    4.220481]   Magic number: 10:55:293
[    4.232702] tty tty26: hash matches
[    4.244350] rtc_cmos rtc_cmos: setting system clock to 2026-09-04 19:16:43 UTC (1788549403)
[    4.262209] BIOS EDD facility v0.16 2004-Jun-25, 0 devices found
[    4.276186] EDD information not available.
[    4.291690] Freeing unused kernel image memory: 2480K
[    4.320452] Write protecting the kernel read-only data: 20480k
[    4.336687] Freeing unused kernel image memory: 2008K
[    4.348155] Freeing unused kernel image memory: 1820K
[    4.365493] x86/mm: Checked W+X mappings: passed, no W+X pages found.
Loading, please wait...
starting version 237
[    4.510910] Fusion MPT base driver 3.04.20
[    4.510936] e1000: Intel(R) PRO/1000 Network Driver - version 7.3.21-k8-NAPI
[    4.520057] Copyright (c) 1999-2008 LSI Corporation
[    4.542658] e1000: Copyright (c) 1999-2006 Intel Corporation.
[    4.999931] AVX2 version of gcm_enc/dec engaged.
[    5.022404] AES CTR mode by8 optimization enabled
[    5.053688] Fusion MPT SPI Host driver 3.04.20
[    6.649480] input: ImExPS/2 Generic Explorer Mouse as /devices/platform/i8042/serio1/input/input4
[    6.777388] e1000 0000:00:03.0 eth0: (PCI:33MHz:32-bit) 02:3b:7b:b7:3b:2d
[    6.794662] e1000 0000:00:03.0 eth0: Intel(R) PRO/1000 Network Connection
[    6.834536] mptbase: ioc0: Initiating bringup
[    6.835322] e1000 0000:00:03.0 enp0s3: renamed from eth0
[    7.004019] ioc0: LSI53C1030 A0: Capabilities={Initiator}
[    7.365139] scsi host2: ioc0: LSI53C1030 A0, FwRev=00000000h, Ports=1, MaxQ=256, IRQ=20
[    7.608512] scsi 2:0:0:0: Direct-Access     VBOX     HARDDISK         1.0  PQ: 0 ANSI: 5
[    8.323860] scsi target2:0:0: Beginning Domain Validation
[    8.378834] scsi target2:0:0: Domain Validation skipping write tests
[    8.402465] scsi target2:0:0: Ending Domain Validation
[    8.424122] scsi target2:0:0: asynchronous
[    8.450370] scsi 2:0:1:0: Direct-Access     VBOX     HARDDISK         1.0  PQ: 0 ANSI: 5
[    9.188883] scsi target2:0:1: Beginning Domain Validation
[    9.210973] scsi target2:0:1: Domain Validation skipping write tests
[    9.234337] scsi target2:0:1: Ending Domain Validation
[    9.255830] scsi target2:0:1: asynchronous
[    9.317849] sd 2:0:0:0: Attached scsi generic sg0 type 0
[    9.344036] sd 2:0:1:0: Attached scsi generic sg1 type 0
[    9.374920] sd 2:0:1:0: [sdb] 20480 512-byte logical blocks: (10.5 MB/10.0 MiB)
[    9.375115] sd 2:0:0:0: [sda] 83886080 512-byte logical blocks: (42.9 GB/40.0 GiB)
[    9.408502] sd 2:0:1:0: [sdb] Write Protect is off
[    9.450066] sd 2:0:0:0: [sda] Write Protect is off
[    9.452207] sd 2:0:1:0: [sdb] Write cache: enabled, read cache: enabled, supports DPO and FUA
[    9.516586] sd 2:0:0:0: [sda] Write cache: enabled, read cache: enabled, supports DPO and FUA
[    9.563842] sd 2:0:1:0: [sdb] Attached SCSI disk
[    9.612018]  sda: sda1
[    9.638439] sd 2:0:0:0: [sda] Attached SCSI disk
Begin: Loading essential drivers ... [   13.874142] raid6: sse2x1   gen()  3644 MB/s
[   13.940421] raid6: sse2x1   xor()  1918 MB/s
[   14.009449] raid6: sse2x2   gen()  3887 MB/s
[   14.108927] raid6: sse2x2   xor()  1807 MB/s
[   14.195771] raid6: sse2x4   gen()  2792 MB/s
[   14.272615] raid6: sse2x4   xor()  3273 MB/s
[   14.345121] raid6: avx2x1   gen()  6118 MB/s
[   14.409373] raid6: avx2x1   xor()  3205 MB/s
[   14.473714] raid6: avx2x2   gen()  5292 MB/s
[   14.541995] raid6: avx2x2   xor()  2802 MB/s
[   14.604283] raid6: avx2x4   gen()  5384 MB/s
[   14.668539] raid6: avx2x4   xor()  3011 MB/s
[   14.686444] raid6: using algorithm avx2x1 gen() 6118 MB/s
[   14.709321] raid6: .... xor() 3205 MB/s, rmw enabled
[   14.732796] raid6: using avx2x2 recovery algorithm
[   14.774944] xor: automatically using best checksumming function   avx       
[   14.826366] async_tx: api initialized (async)
done.
Begin: Running /scripts/init-premount ... done.
Begin: Mounting root file system ... Begin: Running /scripts/local-top ... done.
Begin: Running /scripts/local-premount ... [   15.124329] Btrfs loaded, crc32c=crc32c-intel
Scanning for Btrfs filesystems
done.
Warning: fsck not present, so skipping root file system
[   15.371491] EXT4-fs (sda1): mounted filesystem with ordered data mode. Opts: (null)
done.
Begin: Running /scripts/local-bottom ... done.
Begin: Running /scripts/init-bottom ... done.
[   16.206823] ip_tables: (C) 2000-2006 Netfilter Core Team
[   16.278408] systemd[1]: systemd 237 running in system mode. (+PAM +AUDIT +SELINUX +IMA +APPARMOR +SMACK +SYSVINIT +UTMP +LIBCRYPTSETUP +GCRYPT +GNUTLS +ACL +XZ +LZ4 +SECCOMP +BLKID +ELFUTILS +KMOD -IDN2 +IDN -PCRE2 default-hierarchy=hybrid)
[   16.352909] systemd[1]: Detected virtualization oracle.
[   16.365758] systemd[1]: Detected architecture x86-64.

Welcome to [1mUbuntu 18.04.6 LTS[0m!

[   16.515696] systemd[1]: Set hostname to <so-environment>.
[   17.860511] systemd[1]: Started Forward Password Requests to Wall Directory Watch.
[[0;32m  OK  [0m] Started Forward Password Requests to Wall Directory Watch.
[   17.906708] systemd[1]: Set up automount Arbitrary Executable File Formats File System Automount Point.
[[0;32m  OK  [0m] Set up automount Arbitrary Executab…rmats File System Automount Point.
[   17.956927] systemd[1]: Reached target Mounting snaps.
[[0;32m  OK  [0m] Reached target Mounting snaps.
[   17.986269] systemd[1]: Reached target System Time Synchronized.
[[0;32m  OK  [0m] Reached target System Time Synchronized.
[   18.031590] systemd[1]: Reached target Mounted snaps.
[[0;32m  OK  [0m] Reached target Mounted snaps.
[   18.186379] systemd[1]: Created slice System Slice.
[[0;32m  OK  [0m] Created slice System Slice.
[[0;32m  OK  [0m] Created slice system-serial\x2dgetty.slice.
[[0;32m  OK  [0m] Listening on /dev/initctl Compatibility Named Pipe.
[[0;32m  OK  [0m] Listening on fsck to fsckd communication Socket.
[[0;32m  OK  [0m] Listening on LVM2 poll daemon socket.
[[0;32m  OK  [0m] Listening on Journal Audit Socket.
[[0;32m  OK  [0m] Listening on Network Service Netlink Socket.
[[0;32m  OK  [0m] Listening on udev Control Socket.
[[0;32m  OK  [0m] Listening on udev Kernel Socket.
[[0;32m  OK  [0m] Listening on LVM2 metadata daemon socket.
[[0;32m  OK  [0m] Listening on Journal Socket (/dev/log).
[[0;32m  OK  [0m] Listening on Syslog Socket.
[[0;32m  OK  [0m] Listening on Journal Socket.
         Starting Load Kernel Modules...
         Starting Uncomplicated firewall...
         Starting Set the console keyboard layout...
         Starting Create list of required st…ce nodes for the current kernel...
         Mounting Huge Pages File System...
         Mounting Kernel Debug File System...
         Mounting POSIX Message Queue File System...[   18.559695] Loading iSCSI transport class v2.0-870.

         Starting Journal Service...
         Starting udev Coldplug all Devices...
[[0;32m  OK  [0m] Reached target Swap.
[[0;32m  OK  [0m] Created slice User and Session Slice.
         Starting File System Check on Root Device...
[[0;32m  OK  [0m] Listening on Device-mapper event daemon FIFOs.
         Starting Monitoring of LVM2 mirrors…ng dmeventd or progress polling...
[[0;32m  OK  [0m] Reached target User and Group Name Lookups.
[[0;32m  OK  [0m] Reached target Slices.
[[0;32m  OK  [0m] Started Uncomplicated firewall.
[[0;32m  OK  [0m] Started Create list of required sta…vice nodes for the current kernel.
[[0;32m  OK  [0m] Mounted Huge Pages File System.
[[0;32m  OK  [0m] Mounted Kernel Debug File System.
[[0;32m  OK  [0m] Mounted POSIX Message Queue File System.
         Starting Create Static Device Nodes in /dev...
[   18.842664] iscsi: registered transport (tcp)
[[0;32m  OK  [0m] Started File System Check Daemon to report status.
[[0;32m  OK  [0m] Started udev Coldplug all Devices.
[[0;32m  OK  [0m] Started File System Check on Root Device.
         Starting Remount Root and Kernel File Systems...
[[0;32m  OK  [0m] Started Journal Service.
[[0;32m  OK  [0m] Started Create Static Device Nodes in /dev.
[[0;32m  OK  [0m] Started LVM2 metadata daemon.
[   19.312879] EXT4-fs (sda1): re-mounted. Opts: (null)
[[0;32m  OK  [0m] Started Remount Root and Kernel File Systems.
[[0;32m  OK  [0m] Started Set the console keyboard layout.
         Starting Flush Journal to Persistent Storage...
         Starting udev Kernel Device Manager...
         Starting Load/Save Random Seed...
[   19.676427] systemd-journald[414]: Received request to flush runtime journal from PID 1
[[0;32m  OK  [0m] Started Load/Save Random Seed.
[[0;32m  OK  [0m] Started Monitoring of LVM2 mirrors,…sing dmeventd or progress polling.
[[0;32m  OK  [0m] Reached target Local File Systems (Pre).
[[0;32m  OK  [0m] Reached target Local File Systems.
         Starting Set console font and keymap...
         Starting AppArmor initialization...
         Starting ebtables ruleset management...
         Starting Tell Plymouth To Write Out Runtime Data...
[[0;32m  OK  [0m] Started Set console font and keymap.
[[0;32m  OK  [0m] Started Tell Plymouth To Write Out Runtime Data.
[   20.384604] iscsi: registered transport (iser)
[[0;32m  OK  [0m] Started Load Kernel Modules.
         Mounting Kernel Configuration File System...
         Mounting FUSE Control File System...
         Starting Apply Kernel Variables...
[[0;32m  OK  [0m] Started udev Kernel Device Manager.
[[0;32m  OK  [0m] Mounted Kernel Configuration File System.
[[0;32m  OK  [0m] Started Dispatch Password Requests to Console Directory Watch.
[[0;32m  OK  [0m] Reached target Local Encrypted Volumes.
[[0;32m  OK  [0m] Mounted FUSE Control File System.
[[0;32m  OK  [0m] Started Flush Journal to Persistent Storage.
         Starting Create Volatile Files and Directories...
[[0;32m  OK  [0m] Started Apply Kernel Variables.
[[0;32m  OK  [0m] Started Create Volatile Files and Directories.
         Starting Update UTMP about System Boot/Shutdown...
[[0;32m  OK  [0m] Started ebtables ruleset management.
[[0;32m  OK  [0m] Started Update UTMP about System Boot/Shutdown.
[[0;32m  OK  [0m] Started AppArmor initialization.
         Starting Load AppArmor profiles managed internally by snapd...
         Starting Initial cloud-init job (pre-networking)...
[[0;32m  OK  [0m] Found device /dev/ttyS0.
         Mounting Arbitrary Executable File Formats File System...
[[0;32m  OK  [0m] Mounted Arbitrary Executable File Formats File System.
[[0;32m  OK  [0m] Started Load AppArmor profiles managed internally by snapd.
[[0;32m  OK  [0m] Listening on Load/Save RF Kill Switch Status /dev/rfkill Watch.
[   28.431405] cloud-init[534]: Cloud-init v. 23.1.2-0ubuntu0~18.04.1 running 'init-local' at Fri, 04 Sep 2026 19:17:07 +0000. Up 27.85 seconds.
[[0;32m  OK  [0m] Started Initial cloud-init job (pre-networking).
[[0;32m  OK  [0m] Reached target Network (Pre).
         Starting Network Service...
[[0;32m  OK  [0m] Started Network Service.
         Starting Wait for Network to be Configured...
         Starting Network Name Resolution...
[[0;32m  OK  [0m] Started Network Name Resolution.
[[0;32m  OK  [0m] Reached target Host and Network Name Lookups.
[[0;32m  OK  [0m] Reached target Network.
[[0;32m  OK  [0m] Started Wait for Network to be Configured.
         Starting Initial cloud-init job (metadata service crawler)...
[   33.150504] cloud-init[676]: Cloud-init v. 23.1.2-0ubuntu0~18.04.1 running 'init' at Fri, 04 Sep 2026 19:17:11 +0000. Up 32.55 seconds.
[   33.171256] cloud-init[676]: ci-info: +++++++++++++++++++++++++++++++++++++++++++Net device info++++++++++++++++++++++++++++++++++++++++++++
[   33.189176] cloud-init[676]: ci-info: +--------+------+---------------------------------------+---------------+--------+-------------------+
[   33.206376] cloud-init[676]: ci-info: | Device |  Up  |                Address                |      Mask     | Scope  |     Hw-Address    |
[   33.223266] cloud-init[676]: ci-info: +--------+------+---------------------------------------+---------------+--------+-------------------+
[   33.237286] cloud-init[676]: ci-info: | enp0s3 | True |               10.0.2.15               | 255.255.255.0 | global | 02:3b:7b:b7:3b:2d |
[   33.256092] cloud-init[676]: ci-info: | enp0s3 | True | fd17:625c:f037:2:3b:7bff:feb7:3b2d/64 |       .       | global | 02:3b:7b:b7:3b:2d |
[   33.275071] cloud-init[676]: ci-info: | enp0s3 | True |       fe80::3b:7bff:feb7:3b2d/64      |       .       |  link  | 02:3b:7b:b7:3b:2d |
[   33.290224] cloud-init[676]: ci-info: |   lo   | True |               127.0.0.1               |   255.0.0.0   |  host  |         .         |
[   33.306148] cloud-init[676]: ci-info: |   lo   | True |                ::1/128                |       .       |  host  |         .         |
[   33.325313] cloud-init[676]: ci-info: +--------+------+---------------------------------------+---------------+--------+-------------------+
[   33.341226] cloud-init[676]: ci-info: ++++++++++++++++++++++++++++Route IPv4 info+++++++++++++++++++++++++++++
[   33.355934] cloud-init[676]: ci-info: +-------+-------------+----------+-----------------+-----------+-------+
[   33.371417] cloud-init[676]: ci-info: | Route | Destination | Gateway  |     Genmask     | Interface | Flags |
[   33.385839] cloud-init[676]: ci-info: +-------+-------------+----------+-----------------+-----------+-------+
[   33.398592] cloud-init[676]: ci-info: |   0   |   0.0.0.0   | 10.0.2.2 |     0.0.0.0     |   enp0s3  |   UG  |
[   33.413276] cloud-init[676]: ci-info: |   1   |   10.0.2.0  | 0.0.0.0  |  255.255.255.0  |   enp0s3  |   U   |
[   33.434515] cloud-init[676]: ci-info: |   2   |   10.0.2.2  | 0.0.0.0  | 255.255.255.255 |   enp0s3  |   UH  |
[   33.449198] cloud-init[676]: ci-info: +-------+-------------+----------+-----------------+-----------+-------+
[   33.458556] cloud-init[676]: ci-info: ++++++++++++++++++++++++Route IPv6 info++++++++++++++++++++++++
[   33.487935] cloud-init[676]: ci-info: +-------+-----------------------+---------+-----------+-------+
[   33.510652] cloud-init[676]: ci-info: | Route |      Destination      | Gateway | Interface | Flags |
[   33.532808] cloud-init[676]: ci-info: +-------+-----------------------+---------+-----------+-------+
[   33.551608] cloud-init[676]: ci-info: |   1   | fd17:625c:f037:2::/64 |    ::   |   enp0s3  |   U   |
[   33.571409] cloud-init[676]: ci-info: |   2   |       fe80::/64       |    ::   |   enp0s3  |   U   |
[   33.591065] cloud-init[676]: ci-info: |   3   |          ::/0         | fe80::2 |   enp0s3  |   UG  |
[   33.618570] cloud-init[676]: ci-info: |   5   |         local         |    ::   |   enp0s3  |   U   |
[   33.638424] cloud-init[676]: ci-info: |   6   |         local         |    ::   |   enp0s3  |   U   |
[   33.655492] cloud-init[676]: ci-info: |   7   |        ff00::/8       |    ::   |   enp0s3  |   U   |
[   33.671317] cloud-init[676]: ci-info: +-------+-----------------------+---------+-----------+-------+
[[0;32m  OK  [0m] Started Initial cloud-init job (metadata service crawler).
[[0;32m  OK  [0m] Reached target Cloud-config availability.
[[0;32m  OK  [0m] Reached target Network is Online.
[[0;32m  OK  [0m] Reached target Remote File Systems (Pre).
         Mounting /vagrant...
         Starting Availability of block devices...
[[0;32m  OK  [0m] Reached target System Initialization.
[[0;32m  OK  [0m] Started ACPI Events Check.
[[0;32m  OK  [0m] Started Ubuntu Advantage Timer for running repeated jobs.
[[0;32m  OK  [0m] Started Daily Cleanup of Temporary Directories.
[[0;32m  OK  [0m] Reached target Paths.
[[0;32m  OK  [0m] Listening on Open-iSCSI iscsid Socket.
         Starting LXD - unix socket.
[[0;32m  OK  [0m] Listening on D-Bus System Message Bus Socket.
[[0;32m  OK  [0m] Listening on UUID daemon activation socket.
[[0;32m  OK  [0m] Started Daily apt download activities.
[[0;32m  OK  [0m] Started Daily apt upgrade and clean activities.
[[0;32m  OK  [0m] Started Discard unused blocks once a week.
[[0;32m  OK  [0m] Listening on cloud-init hotplug hook socket.
[[0;32m  OK  [0m] Started Message of the Day.
[[0;32m  OK  [0m] Reached target Timers.
         Starting Socket activation for snappy daemon.
[[0;32m  OK  [0m] Listening on ACPID Listen Socket.
[[0;32m  OK  [0m] Mounted /vagrant.
[[0;32m  OK  [0m] Started Availability of block devices.
[[0;32m  OK  [0m] Listening on LXD - unix socket.
[[0;32m  OK  [0m] Listening on Socket activation for snappy daemon.
[[0;32m  OK  [0m] Reached target Sockets.
[[0;32m  OK  [0m] Reached target Basic System.
         Starting Login Service...
[[0;32m  OK  [0m] Started FUSE filesystem for LXC.
[[0;32m  OK  [0m] Started Regular background program processing daemon.
         Starting LSB: Record successful boot for GRUB...
         Starting Dispatcher daemon for systemd-networkd...
         Starting System Logging Service...
         Starting Virtualbox guest utils...
[[0;32m  OK  [0m] Reached target Login Prompts (Pre).
[[0;32m  OK  [0m] Started D-Bus System Message Bus.
[[0;32m  OK  [0m] Started Login Service.
[[0;32m  OK  [0m] Started Unattended Upgrades Shutdown.
         Starting Accounts Service...
         Starting Pollinate to seed the pseudo random number generator...
[[0;32m  OK  [0m] Started Deferred execution scheduler.
[[0;32m  OK  [0m] Started irqbalance daemon.
         Starting Snap Daemon...
         Starting LXD - container startup/shutdown...
[[0;32m  OK  [0m] Reached target Remote File Systems.
         Starting Permit User Sessions...
         Starting LSB: automatic crash report generation...
[[0;32m  OK  [0m] Started System Logging Service.
[[0;32m  OK  [0m] Started Permit User Sessions.
         Starting Terminate Plymouth Boot Screen...
         Starting Hold until boot process finishes up...
[[0;32m  OK  [0m] Started Terminate Plymouth Boot Screen.
[[0;32m  OK  [0m] Started Hold until boot process finishes up.
[[0;32m  OK  [0m] Started Serial Getty on ttyS0.
         Starting Set console scheme...
[[0;32m  OK  [0m] Started Set console scheme.
[[0;32m  OK  [0m] Created slice system-getty.slice.
[[0;32m  OK  [0m] Started Getty on tty1.
[[0;32m  OK  [0m] Reached target Login Prompts.
[[0;32m  OK  [0m] Started LSB: automatic crash report generation.
[[0;32m  OK  [0m] Started LSB: Record successful boot for GRUB.
         Starting Authorization Manager...
[[0;32m  OK  [0m] Started Authorization Manager.
[[0;32m  OK  [0m] Started Accounts Service.
[[0;32m  OK  [0m] Started Virtualbox guest utils.
[[0;32m  OK  [0m] Started LXD - container startup/shutdown.
[[0;32m  OK  [0m] Started Dispatcher daemon for systemd-networkd.
[[0;32m  OK  [0m] Started Pollinate to seed the pseudo random number generator.
         Starting OpenBSD Secure Shell server...
[[0;32m  OK  [0m] Started OpenBSD Secure Shell server.
[[0;32m  OK  [0m] Created slice User Slice of vagrant.
         Starting User Manager for UID 1000...
[[0;32m  OK  [0m] Started Session 1 of user vagrant.
[[0;32m  OK  [0m] Started Snap Daemon.
         Starting Wait until snapd is fully seeded...
[[0;32m  OK  [0m] Started User Manager for UID 1000.
         Starting Time & Date Service...
[[0;32m  OK  [0m] Started Time & Date Service.

Ubuntu 18.04.6 LTS so-environment ttyS0

so-environment login: [   43.828872] cloud-init[1089]: Cloud-init v. 23.1.2-0ubuntu0~18.04.1 running 'modules:config' at Fri, 04 Sep 2026 19:17:22 +0000. Up 43.38 seconds.
[   46.198025] cloud-init[1203]: Cloud-init v. 23.1.2-0ubuntu0~18.04.1 running 'modules:final' at Fri, 04 Sep 2026 19:17:24 +0000. Up 45.64 seconds.
[   46.310288] cloud-init[1203]: Cloud-init v. 23.1.2-0ubuntu0~18.04.1 finished at Fri, 04 Sep 2026 19:17:25 +0000. Datasource DataSourceNoCloud [seed=/dev/sdb][dsmode=net].  Up 46.13 seconds
